WARNING: Params with units must be mutable.  Converting Param
'fs.gas_properties.mw_comp' to mutable.
WARNING: Params with units must be mutable.  Converting Param
'fs.gas_properties.enth_mol_form_comp' to mutable.
WARNING: Params with units must be mutable.  Converting Param
'fs.gas_properties.cp_param_1' to mutable.
WARNING: Params with units must be mutable.  Converting Param
'fs.gas_properties.cp_param_2' to mutable.
WARNING: Params with units must be mutable.  Converting Param
'fs.gas_properties.cp_param_3' to mutable.
WARNING: Params with units must be mutable.  Converting Param
'fs.gas_properties.cp_param_4' to mutable.
WARNING: Params with units must be mutable.  Converting Param
'fs.gas_properties.cp_param_5' to mutable.
WARNING: Params with units must be mutable.  Converting Param
'fs.gas_properties.cp_param_6' to mutable.
WARNING: Params with units must be mutable.  Converting Param
'fs.gas_properties.cp_param_7' to mutable.
WARNING: Params with units must be mutable.  Converting Param
'fs.gas_properties.cp_param_8' to mutable.
WARNING: Params with units must be mutable.  Converting Param
'fs.solid_properties.mw_comp' to mutable.
WARNING: Params with units must be mutable.  Converting Param
'fs.solid_properties.dens_mass_comp_skeletal' to mutable.
WARNING: Params with units must be mutable.  Converting Param
'fs.solid_properties.cp_param_1' to mutable.
WARNING: Params with units must be mutable.  Converting Param
'fs.solid_properties.cp_param_2' to mutable.
WARNING: Params with units must be mutable.  Converting Param
'fs.solid_properties.cp_param_3' to mutable.
WARNING: Params with units must be mutable.  Converting Param
'fs.solid_properties.cp_param_4' to mutable.
WARNING: Params with units must be mutable.  Converting Param
'fs.solid_properties.cp_param_5' to mutable.
WARNING: Params with units must be mutable.  Converting Param
'fs.solid_properties.cp_param_6' to mutable.
WARNING: Params with units must be mutable.  Converting Param
'fs.solid_properties.cp_param_7' to mutable.
WARNING: Params with units must be mutable.  Converting Param
'fs.solid_properties.cp_param_8' to mutable.
WARNING: Params with units must be mutable.  Converting Param
'fs.solid_properties.enth_mol_form_comp' to mutable.
WARNING: Params with units must be mutable.  Converting Param
'fs.dry_reactions.E_chr' to mutable.
WARNING: Params with units must be mutable.  Converting Param
'fs.dry_reactions.E_g' to mutable.
WARNING: Params with units must be mutable.  Converting Param
'fs.dry_reactions.E_s' to mutable.
WARNING: Params with units must be mutable.  Converting Param
'fs.dry_reactions.Xchr_O2_b' to mutable.
WARNING: Params with units must be mutable.  Converting Param
'fs.dry_reactions.a_O2_b' to mutable.
WARNING: Params with units must be mutable.  Converting Param
'fs.dry_reactions.b_O2_b' to mutable.
2026-09-01 17:47:55 [WARNING] idaes.core.util.scaling: Missing scaling factor for fs.BFB.bubble.area
2026-09-01 17:47:55 [WARNING] idaes.core.util.scaling: Missing scaling factor for fs.BFB.bubble.area
2026-09-01 17:47:55 [WARNING] idaes.core.util.scaling: Missing scaling factor for fs.BFB.bubble.area
2026-09-01 17:47:55 [WARNING] idaes.core.util.scaling: Missing scaling factor for fs.BFB.bubble.area
2026-09-01 17:47:55 [WARNING] idaes.core.util.scaling: Missing scaling factor for fs.BFB.bubble.area
2026-09-01 17:47:55 [WARNING] idaes.core.util.scaling: Missing scaling factor for fs.BFB.bubble.area
2026-09-01 17:47:55 [WARNING] idaes.core.util.scaling: Missing scaling factor for fs.BFB.bubble.area
2026-09-01 17:47:55 [WARNING] idaes.core.util.scaling: Missing scaling factor for fs.BFB.bubble.area
2026-09-01 17:47:55 [WARNING] idaes.core.util.scaling: Missing scaling factor for fs.BFB.bubble.area
2026-09-01 17:47:55 [WARNING] idaes.core.util.scaling: Missing scaling factor for fs.BFB.bubble.area
2026-09-01 17:47:55 [WARNING] idaes.core.util.scaling: Missing scaling factor for fs.BFB.bubble.area
2026-09-01 17:47:55 [WARNING] idaes.core.util.scaling: Missing scaling factor for fs.BFB.bubble.area
2026-09-01 17:47:55 [WARNING] idaes.core.util.scaling: Missing scaling factor for fs.BFB.bubble.area
2026-09-01 17:47:55 [WARNING] idaes.core.util.scaling: Missing scaling factor for fs.BFB.bubble.area
2026-09-01 17:47:55 [WARNING] idaes.core.util.scaling: Missing scaling factor for fs.BFB.bubble.area
2026-09-01 17:47:55 [WARNING] idaes.core.util.scaling: Missing scaling factor for fs.BFB.bubble.area
2026-09-01 17:47:55 [WARNING] idaes.core.util.scaling: Missing scaling factor for fs.BFB.bubble.area
2026-09-01 17:47:55 [WARNING] idaes.core.util.scaling: Missing scaling factor for fs.BFB.bubble.area
2026-09-01 17:47:55 [WARNING] idaes.core.util.scaling: Missing scaling factor for fs.BFB.bubble.area
2026-09-01 17:47:55 [WARNING] idaes.core.util.scaling: Missing scaling factor for fs.BFB.bubble.area
2026-09-01 17:47:55 [WARNING] idaes.core.util.scaling: Missing scaling factor for fs.BFB.bubble.area
2026-09-01 17:47:55 [WARNING] idaes.core.util.scaling: Missing scaling factor for fs.BFB.bubble.heat
2026-09-01 17:47:55 [WARNING] idaes.core.util.scaling: Missing scaling factor for fs.BFB.bubble.heat
2026-09-01 17:47:55 [WARNING] idaes.core.util.scaling: Missing scaling factor for fs.BFB.bubble.heat
2026-09-01 17:47:55 [WARNING] idaes.core.util.scaling: Missing scaling factor for fs.BFB.bubble.heat
2026-09-01 17:47:55 [WARNING] idaes.core.util.scaling: Missing scaling factor for fs.BFB.bubble.heat
2026-09-01 17:47:55 [WARNING] idaes.core.util.scaling: Missing scaling factor for fs.BFB.bubble.heat
2026-09-01 17:47:55 [WARNING] idaes.core.util.scaling: Missing scaling factor for fs.BFB.bubble.heat
2026-09-01 17:47:55 [WARNING] idaes.core.util.scaling: Missing scaling factor for fs.BFB.bubble.heat
2026-09-01 17:47:55 [WARNING] idaes.core.util.scaling: Missing scaling factor for fs.BFB.bubble.heat
2026-09-01 17:47:55 [WARNING] idaes.core.util.scaling: Missing scaling factor for fs.BFB.bubble.heat
2026-09-01 17:47:55 [WARNING] idaes.core.util.scaling: Missing scaling factor for fs.BFB.bubble.heat
2026-09-01 17:47:55 [WARNING] idaes.core.util.scaling: Missing scaling factor for fs.BFB.bubble.heat
2026-09-01 17:47:55 [WARNING] idaes.core.util.scaling: Missing scaling factor for fs.BFB.bubble.heat
2026-09-01 17:47:55 [WARNING] idaes.core.util.scaling: Missing scaling factor for fs.BFB.bubble.heat
2026-09-01 17:47:55 [WARNING] idaes.core.util.scaling: Missing scaling factor for fs.BFB.bubble.heat
2026-09-01 17:47:55 [WARNING] idaes.core.util.scaling: Missing scaling factor for fs.BFB.bubble.heat
2026-09-01 17:47:55 [WARNING] idaes.core.util.scaling: Missing scaling factor for fs.BFB.bubble.heat
2026-09-01 17:47:55 [WARNING] idaes.core.util.scaling: Missing scaling factor for fs.BFB.bubble.heat
2026-09-01 17:47:55 [WARNING] idaes.core.util.scaling: Missing scaling factor for fs.BFB.bubble.heat
2026-09-01 17:47:55 [WARNING] idaes.core.util.scaling: Missing scaling factor for fs.BFB.bubble.heat
2026-09-01 17:47:55 [WARNING] idaes.core.util.scaling: Missing scaling factor for fs.BFB.bubble.heat
2026-09-01 17:47:55 [WARNING] idaes.core.util.scaling: Missing scaling factor for fs.BFB.gas_emulsion.area
2026-09-01 17:47:55 [WARNING] idaes.core.util.scaling: Missing scaling factor for fs.BFB.gas_emulsion.area
2026-09-01 17:47:55 [WARNING] idaes.core.util.scaling: Missing scaling factor for fs.BFB.gas_emulsion.area
2026-09-01 17:47:55 [WARNING] idaes.core.util.scaling: Missing scaling factor for fs.BFB.gas_emulsion.area
2026-09-01 17:47:55 [WARNING] idaes.core.util.scaling: Missing scaling factor for fs.BFB.gas_emulsion.area
2026-09-01 17:47:55 [WARNING] idaes.core.util.scaling: Missing scaling factor for fs.BFB.gas_emulsion.area
2026-09-01 17:47:55 [WARNING] idaes.core.util.scaling: Missing scaling factor for fs.BFB.gas_emulsion.area
2026-09-01 17:47:55 [WARNING] idaes.core.util.scaling: Missing scaling factor for fs.BFB.gas_emulsion.area
2026-09-01 17:47:55 [WARNING] idaes.core.util.scaling: Missing scaling factor for fs.BFB.gas_emulsion.area
2026-09-01 17:47:55 [WARNING] idaes.core.util.scaling: Missing scaling factor for fs.BFB.gas_emulsion.area
2026-09-01 17:47:55 [WARNING] idaes.core.util.scaling: Missing scaling factor for fs.BFB.gas_emulsion.area
2026-09-01 17:47:55 [WARNING] idaes.core.util.scaling: Missing scaling factor for fs.BFB.gas_emulsion.area
2026-09-01 17:47:55 [WARNING] idaes.core.util.scaling: Missing scaling factor for fs.BFB.gas_emulsion.area
2026-09-01 17:47:55 [WARNING] idaes.core.util.scaling: Missing scaling factor for fs.BFB.gas_emulsion.area
2026-09-01 17:47:55 [WARNING] idaes.core.util.scaling: Missing scaling factor for fs.BFB.gas_emulsion.area
2026-09-01 17:47:55 [WARNING] idaes.core.util.scaling: Missing scaling factor for fs.BFB.gas_emulsion.area
2026-09-01 17:47:55 [WARNING] idaes.core.util.scaling: Missing scaling factor for fs.BFB.gas_emulsion.area
2026-09-01 17:47:55 [WARNING] idaes.core.util.scaling: Missing scaling factor for fs.BFB.gas_emulsion.area
2026-09-01 17:47:55 [WARNING] idaes.core.util.scaling: Missing scaling factor for fs.BFB.gas_emulsion.area
2026-09-01 17:47:55 [WARNING] idaes.core.util.scaling: Missing scaling factor for fs.BFB.gas_emulsion.area
2026-09-01 17:47:55 [WARNING] idaes.core.util.scaling: Missing scaling factor for fs.BFB.gas_emulsion.area
2026-09-01 17:47:55 [WARNING] idaes.core.util.scaling: Missing scaling factor for fs.BFB.gas_emulsion.heat
2026-09-01 17:47:55 [WARNING] idaes.core.util.scaling: Missing scaling factor for fs.BFB.gas_emulsion.heat
2026-09-01 17:47:55 [WARNING] idaes.core.util.scaling: Missing scaling factor for fs.BFB.gas_emulsion.heat
2026-09-01 17:47:55 [WARNING] idaes.core.util.scaling: Missing scaling factor for fs.BFB.gas_emulsion.heat
2026-09-01 17:47:55 [WARNING] idaes.core.util.scaling: Missing scaling factor for fs.BFB.gas_emulsion.heat
2026-09-01 17:47:55 [WARNING] idaes.core.util.scaling: Missing scaling factor for fs.BFB.gas_emulsion.heat
2026-09-01 17:47:55 [WARNING] idaes.core.util.scaling: Missing scaling factor for fs.BFB.gas_emulsion.heat
2026-09-01 17:47:55 [WARNING] idaes.core.util.scaling: Missing scaling factor for fs.BFB.gas_emulsion.heat
2026-09-01 17:47:55 [WARNING] idaes.core.util.scaling: Missing scaling factor for fs.BFB.gas_emulsion.heat
2026-09-01 17:47:55 [WARNING] idaes.core.util.scaling: Missing scaling factor for fs.BFB.gas_emulsion.heat
2026-09-01 17:47:55 [WARNING] idaes.core.util.scaling: Missing scaling factor for fs.BFB.gas_emulsion.heat
2026-09-01 17:47:55 [WARNING] idaes.core.util.scaling: Missing scaling factor for fs.BFB.gas_emulsion.heat
2026-09-01 17:47:55 [WARNING] idaes.core.util.scaling: Missing scaling factor for fs.BFB.gas_emulsion.heat
2026-09-01 17:47:55 [WARNING] idaes.core.util.scaling: Missing scaling factor for fs.BFB.gas_emulsion.heat
2026-09-01 17:47:55 [WARNING] idaes.core.util.scaling: Missing scaling factor for fs.BFB.gas_emulsion.heat
2026-09-01 17:47:55 [WARNING] idaes.core.util.scaling: Missing scaling factor for fs.BFB.gas_emulsion.heat
2026-09-01 17:47:55 [WARNING] idaes.core.util.scaling: Missing scaling factor for fs.BFB.gas_emulsion.heat
2026-09-01 17:47:55 [WARNING] idaes.core.util.scaling: Missing scaling factor for fs.BFB.gas_emulsion.heat
2026-09-01 17:47:55 [WARNING] idaes.core.util.scaling: Missing scaling factor for fs.BFB.gas_emulsion.heat
2026-09-01 17:47:55 [WARNING] idaes.core.util.scaling: Missing scaling factor for fs.BFB.gas_emulsion.heat
2026-09-01 17:47:55 [WARNING] idaes.core.util.scaling: Missing scaling factor for fs.BFB.gas_emulsion.heat
2026-09-01 17:47:55 [WARNING] idaes.core.util.scaling: Missing scaling factor for fs.BFB.solid_emulsion.area
2026-09-01 17:47:55 [WARNING] idaes.core.util.scaling: Missing scaling factor for fs.BFB.solid_emulsion.area
2026-09-01 17:47:55 [WARNING] idaes.core.util.scaling: Missing scaling factor for fs.BFB.solid_emulsion.area
2026-09-01 17:47:55 [WARNING] idaes.core.util.scaling: Missing scaling factor for fs.BFB.solid_emulsion.area
2026-09-01 17:47:55 [WARNING] idaes.core.util.scaling: Missing scaling factor for fs.BFB.solid_emulsion.area
2026-09-01 17:47:55 [WARNING] idaes.core.util.scaling: Missing scaling factor for fs.BFB.solid_emulsion.area
2026-09-01 17:47:55 [WARNING] idaes.core.util.scaling: Missing scaling factor for fs.BFB.solid_emulsion.area
2026-09-01 17:47:55 [WARNING] idaes.core.util.scaling: Missing scaling factor for fs.BFB.solid_emulsion.area
2026-09-01 17:47:55 [WARNING] idaes.core.util.scaling: Missing scaling factor for fs.BFB.solid_emulsion.area
2026-09-01 17:47:55 [WARNING] idaes.core.util.scaling: Missing scaling factor for fs.BFB.solid_emulsion.area
2026-09-01 17:47:55 [WARNING] idaes.core.util.scaling: Missing scaling factor for fs.BFB.solid_emulsion.area
2026-09-01 17:47:55 [WARNING] idaes.core.util.scaling: Missing scaling factor for fs.BFB.solid_emulsion.area
2026-09-01 17:47:55 [WARNING] idaes.core.util.scaling: Missing scaling factor for fs.BFB.solid_emulsion.area
2026-09-01 17:47:55 [WARNING] idaes.core.util.scaling: Missing scaling factor for fs.BFB.solid_emulsion.area
2026-09-01 17:47:55 [WARNING] idaes.core.util.scaling: Missing scaling factor for fs.BFB.solid_emulsion.area
2026-09-01 17:47:55 [WARNING] idaes.core.util.scaling: Missing scaling factor for fs.BFB.solid_emulsion.area
2026-09-01 17:47:55 [WARNING] idaes.core.util.scaling: Missing scaling factor for fs.BFB.solid_emulsion.area
2026-09-01 17:47:55 [WARNING] idaes.core.util.scaling: Missing scaling factor for fs.BFB.solid_emulsion.area
2026-09-01 17:47:55 [WARNING] idaes.core.util.scaling: Missing scaling factor for fs.BFB.solid_emulsion.area
2026-09-01 17:47:55 [WARNING] idaes.core.util.scaling: Missing scaling factor for fs.BFB.solid_emulsion.area
2026-09-01 17:47:55 [WARNING] idaes.core.util.scaling: Missing scaling factor for fs.BFB.solid_emulsion.area
2026-09-01 17:47:55 [WARNING] idaes.core.util.scaling: Missing scaling factor for fs.BFB.solid_emulsion.rate_reaction_extent[0.0,0.0,R1]
2026-09-01 17:47:55 [WARNING] idaes.core.util.scaling: Missing scaling factor for fs.BFB.solid_emulsion.rate_reaction_extent[0.0,0.0,R1]
2026-09-01 17:47:55 [WARNING] idaes.core.util.scaling: Missing scaling factor for fs.BFB.solid_emulsion.rate_reaction_extent[0.0,0.0,R1]
2026-09-01 17:47:55 [WARNING] idaes.core.util.scaling: Missing scaling factor for fs.BFB.solid_emulsion.rate_reaction_extent[0.0,0.0,R1]
2026-09-01 17:47:55 [WARNING] idaes.core.util.scaling: Missing scaling factor for fs.BFB.solid_emulsion.rate_reaction_extent[0.0,0.0,R1]
2026-09-01 17:47:55 [WARNING] idaes.core.util.scaling: Missing scaling factor for fs.BFB.solid_emulsion.rate_reaction_extent[0.0,0.05,R1]
2026-09-01 17:47:55 [WARNING] idaes.core.util.scaling: Missing scaling factor for fs.BFB.solid_emulsion.rate_reaction_extent[0.0,0.05,R1]
2026-09-01 17:47:55 [WARNING] idaes.core.util.scaling: Missing scaling factor for fs.BFB.solid_emulsion.rate_reaction_extent[0.0,0.05,R1]
2026-09-01 17:47:55 [WARNING] idaes.core.util.scaling: Missing scaling factor for fs.BFB.solid_emulsion.rate_reaction_extent[0.0,0.05,R1]
2026-09-01 17:47:55 [WARNING] idaes.core.util.scaling: Missing scaling factor for fs.BFB.solid_emulsion.rate_reaction_extent[0.0,0.05,R1]
2026-09-01 17:47:55 [WARNING] idaes.core.util.scaling: Missing scaling factor for fs.BFB.solid_emulsion.rate_reaction_extent[0.0,0.1,R1]
2026-09-01 17:47:55 [WARNING] idaes.core.util.scaling: Missing scaling factor for fs.BFB.solid_emulsion.rate_reaction_extent[0.0,0.1,R1]
2026-09-01 17:47:55 [WARNING] idaes.core.util.scaling: Missing scaling factor for fs.BFB.solid_emulsion.rate_reaction_extent[0.0,0.1,R1]
2026-09-01 17:47:55 [WARNING] idaes.core.util.scaling: Missing scaling factor for fs.BFB.solid_emulsion.rate_reaction_extent[0.0,0.1,R1]
2026-09-01 17:47:55 [WARNING] idaes.core.util.scaling: Missing scaling factor for fs.BFB.solid_emulsion.rate_reaction_extent[0.0,0.1,R1]
2026-09-01 17:47:55 [WARNING] idaes.core.util.scaling: Missing scaling factor for fs.BFB.solid_emulsion.rate_reaction_extent[0.0,0.15,R1]
2026-09-01 17:47:55 [WARNING] idaes.core.util.scaling: Missing scaling factor for fs.BFB.solid_emulsion.rate_reaction_extent[0.0,0.15,R1]
2026-09-01 17:47:55 [WARNING] idaes.core.util.scaling: Missing scaling factor for fs.BFB.solid_emulsion.rate_reaction_extent[0.0,0.15,R1]
2026-09-01 17:47:55 [WARNING] idaes.core.util.scaling: Missing scaling factor for fs.BFB.solid_emulsion.rate_reaction_extent[0.0,0.15,R1]
2026-09-01 17:47:55 [WARNING] idaes.core.util.scaling: Missing scaling factor for fs.BFB.solid_emulsion.rate_reaction_extent[0.0,0.15,R1]
2026-09-01 17:47:55 [WARNING] idaes.core.util.scaling: Missing scaling factor for fs.BFB.solid_emulsion.rate_reaction_extent[0.0,0.2,R1]
2026-09-01 17:47:55 [WARNING] idaes.core.util.scaling: Missing scaling factor for fs.BFB.solid_emulsion.rate_reaction_extent[0.0,0.2,R1]
2026-09-01 17:47:55 [WARNING] idaes.core.util.scaling: Missing scaling factor for fs.BFB.solid_emulsion.rate_reaction_extent[0.0,0.2,R1]
2026-09-01 17:47:55 [WARNING] idaes.core.util.scaling: Missing scaling factor for fs.BFB.solid_emulsion.rate_reaction_extent[0.0,0.2,R1]
2026-09-01 17:47:55 [WARNING] idaes.core.util.scaling: Missing scaling factor for fs.BFB.solid_emulsion.rate_reaction_extent[0.0,0.2,R1]
2026-09-01 17:47:55 [WARNING] idaes.core.util.scaling: Missing scaling factor for fs.BFB.solid_emulsion.rate_reaction_extent[0.0,0.25,R1]
2026-09-01 17:47:55 [WARNING] idaes.core.util.scaling: Missing scaling factor for fs.BFB.solid_emulsion.rate_reaction_extent[0.0,0.25,R1]
2026-09-01 17:47:55 [WARNING] idaes.core.util.scaling: Missing scaling factor for fs.BFB.solid_emulsion.rate_reaction_extent[0.0,0.25,R1]
2026-09-01 17:47:55 [WARNING] idaes.core.util.scaling: Missing scaling factor for fs.BFB.solid_emulsion.rate_reaction_extent[0.0,0.25,R1]
2026-09-01 17:47:55 [WARNING] idaes.core.util.scaling: Missing scaling factor for fs.BFB.solid_emulsion.rate_reaction_extent[0.0,0.25,R1]
2026-09-01 17:47:55 [WARNING] idaes.core.util.scaling: Missing scaling factor for fs.BFB.solid_emulsion.rate_reaction_extent[0.0,0.3,R1]
2026-09-01 17:47:55 [WARNING] idaes.core.util.scaling: Missing scaling factor for fs.BFB.solid_emulsion.rate_reaction_extent[0.0,0.3,R1]
2026-09-01 17:47:55 [WARNING] idaes.core.util.scaling: Missing scaling factor for fs.BFB.solid_emulsion.rate_reaction_extent[0.0,0.3,R1]
2026-09-01 17:47:55 [WARNING] idaes.core.util.scaling: Missing scaling factor for fs.BFB.solid_emulsion.rate_reaction_extent[0.0,0.3,R1]
2026-09-01 17:47:55 [WARNING] idaes.core.util.scaling: Missing scaling factor for fs.BFB.solid_emulsion.rate_reaction_extent[0.0,0.3,R1]
2026-09-01 17:47:55 [WARNING] idaes.core.util.scaling: Missing scaling factor for fs.BFB.solid_emulsion.rate_reaction_extent[0.0,0.35,R1]
2026-09-01 17:47:55 [WARNING] idaes.core.util.scaling: Missing scaling factor for fs.BFB.solid_emulsion.rate_reaction_extent[0.0,0.35,R1]
2026-09-01 17:47:55 [WARNING] idaes.core.util.scaling: Missing scaling factor for fs.BFB.solid_emulsion.rate_reaction_extent[0.0,0.35,R1]
2026-09-01 17:47:55 [WARNING] idaes.core.util.scaling: Missing scaling factor for fs.BFB.solid_emulsion.rate_reaction_extent[0.0,0.35,R1]
2026-09-01 17:47:55 [WARNING] idaes.core.util.scaling: Missing scaling factor for fs.BFB.solid_emulsion.rate_reaction_extent[0.0,0.35,R1]
2026-09-01 17:47:55 [WARNING] idaes.core.util.scaling: Missing scaling factor for fs.BFB.solid_emulsion.rate_reaction_extent[0.0,0.4,R1]
2026-09-01 17:47:55 [WARNING] idaes.core.util.scaling: Missing scaling factor for fs.BFB.solid_emulsion.rate_reaction_extent[0.0,0.4,R1]
2026-09-01 17:47:55 [WARNING] idaes.core.util.scaling: Missing scaling factor for fs.BFB.solid_emulsion.rate_reaction_extent[0.0,0.4,R1]
2026-09-01 17:47:55 [WARNING] idaes.core.util.scaling: Missing scaling factor for fs.BFB.solid_emulsion.rate_reaction_extent[0.0,0.4,R1]
2026-09-01 17:47:55 [WARNING] idaes.core.util.scaling: Missing scaling factor for fs.BFB.solid_emulsion.rate_reaction_extent[0.0,0.4,R1]
2026-09-01 17:47:55 [WARNING] idaes.core.util.scaling: Missing scaling factor for fs.BFB.solid_emulsion.rate_reaction_extent[0.0,0.45,R1]
2026-09-01 17:47:55 [WARNING] idaes.core.util.scaling: Missing scaling factor for fs.BFB.solid_emulsion.rate_reaction_extent[0.0,0.45,R1]
2026-09-01 17:47:55 [WARNING] idaes.core.util.scaling: Missing scaling factor for fs.BFB.solid_emulsion.rate_reaction_extent[0.0,0.45,R1]
2026-09-01 17:47:55 [WARNING] idaes.core.util.scaling: Missing scaling factor for fs.BFB.solid_emulsion.rate_reaction_extent[0.0,0.45,R1]
2026-09-01 17:47:55 [WARNING] idaes.core.util.scaling: Missing scaling factor for fs.BFB.solid_emulsion.rate_reaction_extent[0.0,0.45,R1]
2026-09-01 17:47:55 [WARNING] idaes.core.util.scaling: Missing scaling factor for fs.BFB.solid_emulsion.rate_reaction_extent[0.0,0.5,R1]
2026-09-01 17:47:55 [WARNING] idaes.core.util.scaling: Missing scaling factor for fs.BFB.solid_emulsion.rate_reaction_extent[0.0,0.5,R1]
2026-09-01 17:47:55 [WARNING] idaes.core.util.scaling: Missing scaling factor for fs.BFB.solid_emulsion.rate_reaction_extent[0.0,0.5,R1]
2026-09-01 17:47:55 [WARNING] idaes.core.util.scaling: Missing scaling factor for fs.BFB.solid_emulsion.rate_reaction_extent[0.0,0.5,R1]
2026-09-01 17:47:55 [WARNING] idaes.core.util.scaling: Missing scaling factor for fs.BFB.solid_emulsion.rate_reaction_extent[0.0,0.5,R1]
2026-09-01 17:47:55 [WARNING] idaes.core.util.scaling: Missing scaling factor for fs.BFB.solid_emulsion.rate_reaction_extent[0.0,0.55,R1]
2026-09-01 17:47:55 [WARNING] idaes.core.util.scaling: Missing scaling factor for fs.BFB.solid_emulsion.rate_reaction_extent[0.0,0.55,R1]
2026-09-01 17:47:55 [WARNING] idaes.core.util.scaling: Missing scaling factor for fs.BFB.solid_emulsion.rate_reaction_extent[0.0,0.55,R1]
2026-09-01 17:47:55 [WARNING] idaes.core.util.scaling: Missing scaling factor for fs.BFB.solid_emulsion.rate_reaction_extent[0.0,0.55,R1]
2026-09-01 17:47:55 [WARNING] idaes.core.util.scaling: Missing scaling factor for fs.BFB.solid_emulsion.rate_reaction_extent[0.0,0.55,R1]
2026-09-01 17:47:55 [WARNING] idaes.core.util.scaling: Missing scaling factor for fs.BFB.solid_emulsion.rate_reaction_extent[0.0,0.6,R1]
2026-09-01 17:47:55 [WARNING] idaes.core.util.scaling: Missing scaling factor for fs.BFB.solid_emulsion.rate_reaction_extent[0.0,0.6,R1]
2026-09-01 17:47:55 [WARNING] idaes.core.util.scaling: Missing scaling factor for fs.BFB.solid_emulsion.rate_reaction_extent[0.0,0.6,R1]
2026-09-01 17:47:55 [WARNING] idaes.core.util.scaling: Missing scaling factor for fs.BFB.solid_emulsion.rate_reaction_extent[0.0,0.6,R1]
2026-09-01 17:47:55 [WARNING] idaes.core.util.scaling: Missing scaling factor for fs.BFB.solid_emulsion.rate_reaction_extent[0.0,0.6,R1]
2026-09-01 17:47:55 [WARNING] idaes.core.util.scaling: Missing scaling factor for fs.BFB.solid_emulsion.rate_reaction_extent[0.0,0.65,R1]
2026-09-01 17:47:55 [WARNING] idaes.core.util.scaling: Missing scaling factor for fs.BFB.solid_emulsion.rate_reaction_extent[0.0,0.65,R1]
2026-09-01 17:47:55 [WARNING] idaes.core.util.scaling: Missing scaling factor for fs.BFB.solid_emulsion.rate_reaction_extent[0.0,0.65,R1]
2026-09-01 17:47:55 [WARNING] idaes.core.util.scaling: Missing scaling factor for fs.BFB.solid_emulsion.rate_reaction_extent[0.0,0.65,R1]
2026-09-01 17:47:55 [WARNING] idaes.core.util.scaling: Missing scaling factor for fs.BFB.solid_emulsion.rate_reaction_extent[0.0,0.65,R1]
2026-09-01 17:47:55 [WARNING] idaes.core.util.scaling: Missing scaling factor for fs.BFB.solid_emulsion.rate_reaction_extent[0.0,0.7,R1]
2026-09-01 17:47:55 [WARNING] idaes.core.util.scaling: Missing scaling factor for fs.BFB.solid_emulsion.rate_reaction_extent[0.0,0.7,R1]
2026-09-01 17:47:55 [WARNING] idaes.core.util.scaling: Missing scaling factor for fs.BFB.solid_emulsion.rate_reaction_extent[0.0,0.7,R1]
2026-09-01 17:47:55 [WARNING] idaes.core.util.scaling: Missing scaling factor for fs.BFB.solid_emulsion.rate_reaction_extent[0.0,0.7,R1]
2026-09-01 17:47:55 [WARNING] idaes.core.util.scaling: Missing scaling factor for fs.BFB.solid_emulsion.rate_reaction_extent[0.0,0.7,R1]
2026-09-01 17:47:55 [WARNING] idaes.core.util.scaling: Missing scaling factor for fs.BFB.solid_emulsion.rate_reaction_extent[0.0,0.75,R1]
2026-09-01 17:47:55 [WARNING] idaes.core.util.scaling: Missing scaling factor for fs.BFB.solid_emulsion.rate_reaction_extent[0.0,0.75,R1]
2026-09-01 17:47:55 [WARNING] idaes.core.util.scaling: Missing scaling factor for fs.BFB.solid_emulsion.rate_reaction_extent[0.0,0.75,R1]
2026-09-01 17:47:55 [WARNING] idaes.core.util.scaling: Missing scaling factor for fs.BFB.solid_emulsion.rate_reaction_extent[0.0,0.75,R1]
2026-09-01 17:47:55 [WARNING] idaes.core.util.scaling: Missing scaling factor for fs.BFB.solid_emulsion.rate_reaction_extent[0.0,0.75,R1]
2026-09-01 17:47:55 [WARNING] idaes.core.util.scaling: Missing scaling factor for fs.BFB.solid_emulsion.rate_reaction_extent[0.0,0.8,R1]
2026-09-01 17:47:55 [WARNING] idaes.core.util.scaling: Missing scaling factor for fs.BFB.solid_emulsion.rate_reaction_extent[0.0,0.8,R1]
2026-09-01 17:47:55 [WARNING] idaes.core.util.scaling: Missing scaling factor for fs.BFB.solid_emulsion.rate_reaction_extent[0.0,0.8,R1]
2026-09-01 17:47:55 [WARNING] idaes.core.util.scaling: Missing scaling factor for fs.BFB.solid_emulsion.rate_reaction_extent[0.0,0.8,R1]
2026-09-01 17:47:55 [WARNING] idaes.core.util.scaling: Missing scaling factor for fs.BFB.solid_emulsion.rate_reaction_extent[0.0,0.8,R1]
2026-09-01 17:47:55 [WARNING] idaes.core.util.scaling: Missing scaling factor for fs.BFB.solid_emulsion.rate_reaction_extent[0.0,0.85,R1]
2026-09-01 17:47:55 [WARNING] idaes.core.util.scaling: Missing scaling factor for fs.BFB.solid_emulsion.rate_reaction_extent[0.0,0.85,R1]
2026-09-01 17:47:55 [WARNING] idaes.core.util.scaling: Missing scaling factor for fs.BFB.solid_emulsion.rate_reaction_extent[0.0,0.85,R1]
2026-09-01 17:47:55 [WARNING] idaes.core.util.scaling: Missing scaling factor for fs.BFB.solid_emulsion.rate_reaction_extent[0.0,0.85,R1]
2026-09-01 17:47:55 [WARNING] idaes.core.util.scaling: Missing scaling factor for fs.BFB.solid_emulsion.rate_reaction_extent[0.0,0.85,R1]
2026-09-01 17:47:55 [WARNING] idaes.core.util.scaling: Missing scaling factor for fs.BFB.solid_emulsion.rate_reaction_extent[0.0,0.9,R1]
2026-09-01 17:47:55 [WARNING] idaes.core.util.scaling: Missing scaling factor for fs.BFB.solid_emulsion.rate_reaction_extent[0.0,0.9,R1]
2026-09-01 17:47:55 [WARNING] idaes.core.util.scaling: Missing scaling factor for fs.BFB.solid_emulsion.rate_reaction_extent[0.0,0.9,R1]
2026-09-01 17:47:55 [WARNING] idaes.core.util.scaling: Missing scaling factor for fs.BFB.solid_emulsion.rate_reaction_extent[0.0,0.9,R1]
2026-09-01 17:47:55 [WARNING] idaes.core.util.scaling: Missing scaling factor for fs.BFB.solid_emulsion.rate_reaction_extent[0.0,0.9,R1]
2026-09-01 17:47:55 [WARNING] idaes.core.util.scaling: Missing scaling factor for fs.BFB.solid_emulsion.rate_reaction_extent[0.0,0.95,R1]
2026-09-01 17:47:55 [WARNING] idaes.core.util.scaling: Missing scaling factor for fs.BFB.solid_emulsion.rate_reaction_extent[0.0,0.95,R1]
2026-09-01 17:47:55 [WARNING] idaes.core.util.scaling: Missing scaling factor for fs.BFB.solid_emulsion.rate_reaction_extent[0.0,0.95,R1]
2026-09-01 17:47:55 [WARNING] idaes.core.util.scaling: Missing scaling factor for fs.BFB.solid_emulsion.rate_reaction_extent[0.0,0.95,R1]
2026-09-01 17:47:55 [WARNING] idaes.core.util.scaling: Missing scaling factor for fs.BFB.solid_emulsion.rate_reaction_extent[0.0,0.95,R1]
2026-09-01 17:47:55 [WARNING] idaes.core.util.scaling: Missing scaling factor for fs.BFB.solid_emulsion.rate_reaction_extent[0.0,1.0,R1]
2026-09-01 17:47:55 [WARNING] idaes.core.util.scaling: Missing scaling factor for fs.BFB.solid_emulsion.rate_reaction_extent[0.0,1.0,R1]
2026-09-01 17:47:55 [WARNING] idaes.core.util.scaling: Missing scaling factor for fs.BFB.solid_emulsion.rate_reaction_extent[0.0,1.0,R1]
2026-09-01 17:47:55 [WARNING] idaes.core.util.scaling: Missing scaling factor for fs.BFB.solid_emulsion.rate_reaction_extent[0.0,1.0,R1]
2026-09-01 17:47:55 [WARNING] idaes.core.util.scaling: Missing scaling factor for fs.BFB.solid_emulsion.rate_reaction_extent[0.0,1.0,R1]
2026-09-01 17:47:55 [WARNING] idaes.core.util.scaling: Missing scaling factor for fs.BFB.solid_emulsion.heat
2026-09-01 17:47:55 [WARNING] idaes.core.util.scaling: Missing scaling factor for fs.BFB.solid_emulsion.heat
2026-09-01 17:47:55 [WARNING] idaes.core.util.scaling: Missing scaling factor for fs.BFB.solid_emulsion.heat
2026-09-01 17:47:55 [WARNING] idaes.core.util.scaling: Missing scaling factor for fs.BFB.solid_emulsion.heat
2026-09-01 17:47:55 [WARNING] idaes.core.util.scaling: Missing scaling factor for fs.BFB.solid_emulsion.heat
2026-09-01 17:47:55 [WARNING] idaes.core.util.scaling: Missing scaling factor for fs.BFB.solid_emulsion.heat
2026-09-01 17:47:55 [WARNING] idaes.core.util.scaling: Missing scaling factor for fs.BFB.solid_emulsion.heat
2026-09-01 17:47:55 [WARNING] idaes.core.util.scaling: Missing scaling factor for fs.BFB.solid_emulsion.heat
2026-09-01 17:47:55 [WARNING] idaes.core.util.scaling: Missing scaling factor for fs.BFB.solid_emulsion.heat
2026-09-01 17:47:55 [WARNING] idaes.core.util.scaling: Missing scaling factor for fs.BFB.solid_emulsion.heat
2026-09-01 17:47:55 [WARNING] idaes.core.util.scaling: Missing scaling factor for fs.BFB.solid_emulsion.heat
2026-09-01 17:47:55 [WARNING] idaes.core.util.scaling: Missing scaling factor for fs.BFB.solid_emulsion.heat
2026-09-01 17:47:55 [WARNING] idaes.core.util.scaling: Missing scaling factor for fs.BFB.solid_emulsion.heat
2026-09-01 17:47:55 [WARNING] idaes.core.util.scaling: Missing scaling factor for fs.BFB.solid_emulsion.heat
2026-09-01 17:47:55 [WARNING] idaes.core.util.scaling: Missing scaling factor for fs.BFB.solid_emulsion.heat
2026-09-01 17:47:55 [WARNING] idaes.core.util.scaling: Missing scaling factor for fs.BFB.solid_emulsion.heat
2026-09-01 17:47:55 [WARNING] idaes.core.util.scaling: Missing scaling factor for fs.BFB.solid_emulsion.heat
2026-09-01 17:47:55 [WARNING] idaes.core.util.scaling: Missing scaling factor for fs.BFB.solid_emulsion.heat
2026-09-01 17:47:55 [WARNING] idaes.core.util.scaling: Missing scaling factor for fs.BFB.solid_emulsion.heat
2026-09-01 17:47:55 [WARNING] idaes.core.util.scaling: Missing scaling factor for fs.BFB.solid_emulsion.heat
2026-09-01 17:47:55 [WARNING] idaes.core.util.scaling: Missing scaling factor for fs.BFB.solid_emulsion.heat
WARNING: model contains export suffix 'scaling_factor' that contains 8
component keys that are not exported as part of the NL file.  Skipping.
WARNING: model contains export suffix 'scaling_factor' that contains 1 keys
that are not Var, Constraint, Objective, or the model.  Skipping.
WARNING: model contains export suffix 'scaling_factor' that contains 8
component keys that are not exported as part of the NL file.  Skipping.
WARNING: model contains export suffix 'scaling_factor' that contains 1 keys
that are not Var, Constraint, Objective, or the model.  Skipping.
WARNING: model contains export suffix 'scaling_factor' that contains 168
component keys that are not exported as part of the NL file.  Skipping.
WARNING: model contains export suffix 'scaling_factor' that contains 126 keys
that are not Var, Constraint, Objective, or the model.  Skipping.
WARNING: model contains export suffix 'scaling_factor' that contains 168
component keys that are not exported as part of the NL file.  Skipping.
WARNING: model contains export suffix 'scaling_factor' that contains 126 keys
that are not Var, Constraint, Objective, or the model.  Skipping.
WARNING: model contains export suffix 'scaling_factor' that contains 168
component keys that are not exported as part of the NL file.  Skipping.
WARNING: model contains export suffix 'scaling_factor' that contains 126 keys
that are not Var, Constraint, Objective, or the model.  Skipping.
WARNING: model contains export suffix 'scaling_factor' that contains 1570
component keys that are not exported as part of the NL file.  Skipping.
WARNING: model contains export suffix 'scaling_factor' that contains 380 keys
that are not Var, Constraint, Objective, or the model.  Skipping.
WARNING: model contains export suffix 'scaling_factor' that contains 1507
component keys that are not exported as part of the NL file.  Skipping.
WARNING: model contains export suffix 'scaling_factor' that contains 380 keys
that are not Var, Constraint, Objective, or the model.  Skipping.
WARNING: model contains export suffix 'scaling_factor' that contains 583
component keys that are not exported as part of the NL file.  Skipping.
WARNING: model contains export suffix 'scaling_factor' that contains 380 keys
that are not Var, Constraint, Objective, or the model.  Skipping.
WARNING: Loading a SolverResults object with a warning status into
model.name="fs.BFB";
    - termination condition: maxIterations
    - message from solver: Ipopt 3.13.2\x3a Maximum Number of Iterations
      Exceeded.
WARNING: model contains export suffix 'scaling_factor' that contains 294
component keys that are not exported as part of the NL file.  Skipping.
WARNING: model contains export suffix 'scaling_factor' that contains 380 keys
that are not Var, Constraint, Objective, or the model.  Skipping.
WARNING: Loading a SolverResults object with a warning status into
model.name="fs.BFB";
    - termination condition: maxIterations
    - message from solver: Ipopt 3.13.2\x3a Maximum Number of Iterations
      Exceeded.
WARNING: model contains export suffix 'scaling_factor' that contains 42
component keys that are not exported as part of the NL file.  Skipping.
WARNING: model contains export suffix 'scaling_factor' that contains 380 keys
that are not Var, Constraint, Objective, or the model.  Skipping.
WARNING: model contains export suffix 'scaling_factor' that contains 8
component keys that are not exported as part of the NL file.  Skipping.
WARNING: model contains export suffix 'scaling_factor' that contains 6 keys
that are not Var, Constraint, Objective, or the model.  Skipping.
WARNING: model contains export suffix 'scaling_factor' that contains 8
component keys that are not exported as part of the NL file.  Skipping.
WARNING: model contains export suffix 'scaling_factor' that contains 6 keys
that are not Var, Constraint, Objective, or the model.  Skipping.
WARNING: model contains export suffix 'scaling_factor' that contains 42
component keys that are not exported as part of the NL file.  Skipping.
WARNING: model contains export suffix 'scaling_factor' that contains 392 keys
that are not Var, Constraint, Objective, or the model.  Skipping.
WARNING: model contains export suffix 'scaling_factor' that contains 42
component keys that are not exported as part of the NL file.  Skipping.
WARNING: model contains export suffix 'scaling_factor' that contains 392 keys
that are not Var, Constraint, Objective, or the model.  Skipping.
  [ind sf=1.0e-04] -> optimal
WARNING: model contains export suffix 'scaling_factor' that contains 42
component keys that are not exported as part of the NL file.  Skipping.
WARNING: model contains export suffix 'scaling_factor' that contains 392 keys
that are not Var, Constraint, Objective, or the model.  Skipping.
  [ind sf=0.00014] -> optimal
WARNING: model contains export suffix 'scaling_factor' that contains 42
component keys that are not exported as part of the NL file.  Skipping.
WARNING: model contains export suffix 'scaling_factor' that contains 392 keys
that are not Var, Constraint, Objective, or the model.  Skipping.
  [ind sf=0.000196] -> optimal
WARNING: model contains export suffix 'scaling_factor' that contains 42
component keys that are not exported as part of the NL file.  Skipping.
WARNING: model contains export suffix 'scaling_factor' that contains 392 keys
that are not Var, Constraint, Objective, or the model.  Skipping.
  [ind sf=0.000274] -> optimal
WARNING: model contains export suffix 'scaling_factor' that contains 42
component keys that are not exported as part of the NL file.  Skipping.
WARNING: model contains export suffix 'scaling_factor' that contains 392 keys
that are not Var, Constraint, Objective, or the model.  Skipping.
  [ind sf=0.000384] -> optimal
WARNING: model contains export suffix 'scaling_factor' that contains 42
component keys that are not exported as part of the NL file.  Skipping.
WARNING: model contains export suffix 'scaling_factor' that contains 392 keys
that are not Var, Constraint, Objective, or the model.  Skipping.
  [ind sf=0.000538] -> optimal
WARNING: model contains export suffix 'scaling_factor' that contains 42
component keys that are not exported as part of the NL file.  Skipping.
WARNING: model contains export suffix 'scaling_factor' that contains 392 keys
that are not Var, Constraint, Objective, or the model.  Skipping.
  [ind sf=0.000753] -> optimal
WARNING: model contains export suffix 'scaling_factor' that contains 42
component keys that are not exported as part of the NL file.  Skipping.
WARNING: model contains export suffix 'scaling_factor' that contains 392 keys
that are not Var, Constraint, Objective, or the model.  Skipping.
  [ind sf=0.00105] -> optimal
WARNING: model contains export suffix 'scaling_factor' that contains 42
component keys that are not exported as part of the NL file.  Skipping.
WARNING: model contains export suffix 'scaling_factor' that contains 392 keys
that are not Var, Constraint, Objective, or the model.  Skipping.
  [ind sf=0.00148] -> optimal
WARNING: model contains export suffix 'scaling_factor' that contains 42
component keys that are not exported as part of the NL file.  Skipping.
WARNING: model contains export suffix 'scaling_factor' that contains 392 keys
that are not Var, Constraint, Objective, or the model.  Skipping.
  [ind sf=0.00207] -> optimal
WARNING: model contains export suffix 'scaling_factor' that contains 42
component keys that are not exported as part of the NL file.  Skipping.
WARNING: model contains export suffix 'scaling_factor' that contains 392 keys
that are not Var, Constraint, Objective, or the model.  Skipping.
  [ind sf=0.00289] -> optimal
WARNING: model contains export suffix 'scaling_factor' that contains 42
component keys that are not exported as part of the NL file.  Skipping.
WARNING: model contains export suffix 'scaling_factor' that contains 392 keys
that are not Var, Constraint, Objective, or the model.  Skipping.
  [ind sf=0.00405] -> optimal
WARNING: model contains export suffix 'scaling_factor' that contains 42
component keys that are not exported as part of the NL file.  Skipping.
WARNING: model contains export suffix 'scaling_factor' that contains 392 keys
that are not Var, Constraint, Objective, or the model.  Skipping.
  [ind sf=0.00567] -> optimal
WARNING: model contains export suffix 'scaling_factor' that contains 42
component keys that are not exported as part of the NL file.  Skipping.
WARNING: model contains export suffix 'scaling_factor' that contains 392 keys
that are not Var, Constraint, Objective, or the model.  Skipping.
  [ind sf=0.00794] -> optimal
WARNING: model contains export suffix 'scaling_factor' that contains 42
component keys that are not exported as part of the NL file.  Skipping.
WARNING: model contains export suffix 'scaling_factor' that contains 392 keys
that are not Var, Constraint, Objective, or the model.  Skipping.
  [ind sf=0.0111] -> optimal
WARNING: model contains export suffix 'scaling_factor' that contains 42
component keys that are not exported as part of the NL file.  Skipping.
WARNING: model contains export suffix 'scaling_factor' that contains 392 keys
that are not Var, Constraint, Objective, or the model.  Skipping.
  [ind sf=0.0156] -> optimal
WARNING: model contains export suffix 'scaling_factor' that contains 42
component keys that are not exported as part of the NL file.  Skipping.
WARNING: model contains export suffix 'scaling_factor' that contains 392 keys
that are not Var, Constraint, Objective, or the model.  Skipping.
WARNING: Loading a SolverResults object with a warning status into
model.name="fs.BFB";
    - termination condition: infeasible
    - message from solver: Ipopt 3.13.2\x3a Converged to a locally infeasible
      point. Problem may be infeasible.
  [ind sf=0.0218] -> infeasible
WARNING: model contains export suffix 'scaling_factor' that contains 42
component keys that are not exported as part of the NL file.  Skipping.
WARNING: model contains export suffix 'scaling_factor' that contains 392 keys
that are not Var, Constraint, Objective, or the model.  Skipping.
  [ind sf=0.0187(sub)] -> optimal
WARNING: model contains export suffix 'scaling_factor' that contains 42
component keys that are not exported as part of the NL file.  Skipping.
WARNING: model contains export suffix 'scaling_factor' that contains 392 keys
that are not Var, Constraint, Objective, or the model.  Skipping.
  [ind sf=0.0261] -> optimal
WARNING: model contains export suffix 'scaling_factor' that contains 42
component keys that are not exported as part of the NL file.  Skipping.
WARNING: model contains export suffix 'scaling_factor' that contains 392 keys
that are not Var, Constraint, Objective, or the model.  Skipping.
  [ind sf=0.0366] -> optimal
WARNING: model contains export suffix 'scaling_factor' that contains 42
component keys that are not exported as part of the NL file.  Skipping.
WARNING: model contains export suffix 'scaling_factor' that contains 392 keys
that are not Var, Constraint, Objective, or the model.  Skipping.
  [ind sf=0.0512] -> optimal
WARNING: model contains export suffix 'scaling_factor' that contains 42
component keys that are not exported as part of the NL file.  Skipping.
WARNING: model contains export suffix 'scaling_factor' that contains 392 keys
that are not Var, Constraint, Objective, or the model.  Skipping.
WARNING: Loading a SolverResults object with a warning status into
model.name="fs.BFB";
    - termination condition: maxIterations
    - message from solver: Ipopt 3.13.2\x3a Maximum Number of Iterations
      Exceeded.
  [ind sf=0.0717] -> maxIterations
WARNING: model contains export suffix 'scaling_factor' that contains 42
component keys that are not exported as part of the NL file.  Skipping.
WARNING: model contains export suffix 'scaling_factor' that contains 392 keys
that are not Var, Constraint, Objective, or the model.  Skipping.
  [ind sf=0.0615(sub)] -> optimal
WARNING: model contains export suffix 'scaling_factor' that contains 42
component keys that are not exported as part of the NL file.  Skipping.
WARNING: model contains export suffix 'scaling_factor' that contains 392 keys
that are not Var, Constraint, Objective, or the model.  Skipping.
  [ind sf=0.0861] -> optimal
WARNING: model contains export suffix 'scaling_factor' that contains 42
component keys that are not exported as part of the NL file.  Skipping.
WARNING: model contains export suffix 'scaling_factor' that contains 392 keys
that are not Var, Constraint, Objective, or the model.  Skipping.
  [ind sf=0.12] -> optimal
WARNING: model contains export suffix 'scaling_factor' that contains 42
component keys that are not exported as part of the NL file.  Skipping.
WARNING: model contains export suffix 'scaling_factor' that contains 392 keys
that are not Var, Constraint, Objective, or the model.  Skipping.
  [ind sf=0.169] -> optimal
WARNING: model contains export suffix 'scaling_factor' that contains 42
component keys that are not exported as part of the NL file.  Skipping.
WARNING: model contains export suffix 'scaling_factor' that contains 392 keys
that are not Var, Constraint, Objective, or the model.  Skipping.
  [ind sf=0.236] -> optimal
WARNING: model contains export suffix 'scaling_factor' that contains 42
component keys that are not exported as part of the NL file.  Skipping.
WARNING: model contains export suffix 'scaling_factor' that contains 392 keys
that are not Var, Constraint, Objective, or the model.  Skipping.
  [ind sf=0.331] -> optimal
WARNING: model contains export suffix 'scaling_factor' that contains 42
component keys that are not exported as part of the NL file.  Skipping.
WARNING: model contains export suffix 'scaling_factor' that contains 392 keys
that are not Var, Constraint, Objective, or the model.  Skipping.
  [ind sf=0.463] -> optimal
WARNING: model contains export suffix 'scaling_factor' that contains 42
component keys that are not exported as part of the NL file.  Skipping.
WARNING: model contains export suffix 'scaling_factor' that contains 392 keys
that are not Var, Constraint, Objective, or the model.  Skipping.
  [ind sf=0.648] -> optimal
WARNING: model contains export suffix 'scaling_factor' that contains 42
component keys that are not exported as part of the NL file.  Skipping.
WARNING: model contains export suffix 'scaling_factor' that contains 392 keys
that are not Var, Constraint, Objective, or the model.  Skipping.
  [ind sf=0.907] -> optimal
WARNING: model contains export suffix 'scaling_factor' that contains 42
component keys that are not exported as part of the NL file.  Skipping.
WARNING: model contains export suffix 'scaling_factor' that contains 392 keys
that are not Var, Constraint, Objective, or the model.  Skipping.
  [ind sf=1] -> optimal
WARNING: model contains export suffix 'scaling_factor' that contains 42
component keys that are not exported as part of the NL file.  Skipping.
WARNING: model contains export suffix 'scaling_factor' that contains 392 keys
that are not Var, Constraint, Objective, or the model.  Skipping.
  [ind scale_factor=final] -> optimal
WARNING: model contains export suffix 'scaling_factor' that contains 42
component keys that are not exported as part of the NL file.  Skipping.
WARNING: model contains export suffix 'scaling_factor' that contains 392 keys
that are not Var, Constraint, Objective, or the model.  Skipping.
  [cont 1/20] -> optimal
WARNING: model contains export suffix 'scaling_factor' that contains 42
component keys that are not exported as part of the NL file.  Skipping.
WARNING: model contains export suffix 'scaling_factor' that contains 392 keys
that are not Var, Constraint, Objective, or the model.  Skipping.
  [cont 2/20] -> optimal
WARNING: model contains export suffix 'scaling_factor' that contains 42
component keys that are not exported as part of the NL file.  Skipping.
WARNING: model contains export suffix 'scaling_factor' that contains 392 keys
that are not Var, Constraint, Objective, or the model.  Skipping.
  [cont 3/20] -> optimal
WARNING: model contains export suffix 'scaling_factor' that contains 42
component keys that are not exported as part of the NL file.  Skipping.
WARNING: model contains export suffix 'scaling_factor' that contains 392 keys
that are not Var, Constraint, Objective, or the model.  Skipping.
  [cont 4/20] -> optimal
WARNING: model contains export suffix 'scaling_factor' that contains 42
component keys that are not exported as part of the NL file.  Skipping.
WARNING: model contains export suffix 'scaling_factor' that contains 392 keys
that are not Var, Constraint, Objective, or the model.  Skipping.
  [cont 5/20] -> optimal
WARNING: model contains export suffix 'scaling_factor' that contains 42
component keys that are not exported as part of the NL file.  Skipping.
WARNING: model contains export suffix 'scaling_factor' that contains 392 keys
that are not Var, Constraint, Objective, or the model.  Skipping.
  [cont 6/20] -> optimal
WARNING: model contains export suffix 'scaling_factor' that contains 42
component keys that are not exported as part of the NL file.  Skipping.
WARNING: model contains export suffix 'scaling_factor' that contains 392 keys
that are not Var, Constraint, Objective, or the model.  Skipping.
  [cont 7/20] -> optimal
WARNING: model contains export suffix 'scaling_factor' that contains 42
component keys that are not exported as part of the NL file.  Skipping.
WARNING: model contains export suffix 'scaling_factor' that contains 392 keys
that are not Var, Constraint, Objective, or the model.  Skipping.
WARNING: Loading a SolverResults object with a warning status into
model.name="fs.BFB";
    - termination condition: infeasible
    - message from solver: Ipopt 3.13.2\x3a Converged to a locally infeasible
      point. Problem may be infeasible.
  [cont 8/20] -> infeasible
WARNING: model contains export suffix 'scaling_factor' that contains 42
component keys that are not exported as part of the NL file.  Skipping.
WARNING: model contains export suffix 'scaling_factor' that contains 392 keys
that are not Var, Constraint, Objective, or the model.  Skipping.
WARNING: Loading a SolverResults object with a warning status into
model.name="fs.BFB";
    - termination condition: infeasible
    - message from solver: Ipopt 3.13.2\x3a Converged to a locally infeasible
      point. Problem may be infeasible.
  [cont8 sf=1.0e-04] -> infeasible
WARNING: model contains export suffix 'scaling_factor' that contains 42
component keys that are not exported as part of the NL file.  Skipping.
WARNING: model contains export suffix 'scaling_factor' that contains 392 keys
that are not Var, Constraint, Objective, or the model.  Skipping.
  [cont8 sf=0.00014] -> optimal
WARNING: model contains export suffix 'scaling_factor' that contains 42
component keys that are not exported as part of the NL file.  Skipping.
WARNING: model contains export suffix 'scaling_factor' that contains 392 keys
that are not Var, Constraint, Objective, or the model.  Skipping.
  [cont8 sf=0.000196] -> optimal
WARNING: model contains export suffix 'scaling_factor' that contains 42
component keys that are not exported as part of the NL file.  Skipping.
WARNING: model contains export suffix 'scaling_factor' that contains 392 keys
that are not Var, Constraint, Objective, or the model.  Skipping.
  [cont8 sf=0.000274] -> optimal
WARNING: model contains export suffix 'scaling_factor' that contains 42
component keys that are not exported as part of the NL file.  Skipping.
WARNING: model contains export suffix 'scaling_factor' that contains 392 keys
that are not Var, Constraint, Objective, or the model.  Skipping.
  [cont8 sf=0.000384] -> optimal
WARNING: model contains export suffix 'scaling_factor' that contains 42
component keys that are not exported as part of the NL file.  Skipping.
WARNING: model contains export suffix 'scaling_factor' that contains 392 keys
that are not Var, Constraint, Objective, or the model.  Skipping.
  [cont8 sf=0.000538] -> optimal
WARNING: model contains export suffix 'scaling_factor' that contains 42
component keys that are not exported as part of the NL file.  Skipping.
WARNING: model contains export suffix 'scaling_factor' that contains 392 keys
that are not Var, Constraint, Objective, or the model.  Skipping.
  [cont8 sf=0.000753] -> optimal
WARNING: model contains export suffix 'scaling_factor' that contains 42
component keys that are not exported as part of the NL file.  Skipping.
WARNING: model contains export suffix 'scaling_factor' that contains 392 keys
that are not Var, Constraint, Objective, or the model.  Skipping.
  [cont8 sf=0.00105] -> optimal
WARNING: model contains export suffix 'scaling_factor' that contains 42
component keys that are not exported as part of the NL file.  Skipping.
WARNING: model contains export suffix 'scaling_factor' that contains 392 keys
that are not Var, Constraint, Objective, or the model.  Skipping.
  [cont8 sf=0.00148] -> optimal
WARNING: model contains export suffix 'scaling_factor' that contains 42
component keys that are not exported as part of the NL file.  Skipping.
WARNING: model contains export suffix 'scaling_factor' that contains 392 keys
that are not Var, Constraint, Objective, or the model.  Skipping.
  [cont8 sf=0.00207] -> optimal
WARNING: model contains export suffix 'scaling_factor' that contains 42
component keys that are not exported as part of the NL file.  Skipping.
WARNING: model contains export suffix 'scaling_factor' that contains 392 keys
that are not Var, Constraint, Objective, or the model.  Skipping.
  [cont8 sf=0.00289] -> optimal
WARNING: model contains export suffix 'scaling_factor' that contains 42
component keys that are not exported as part of the NL file.  Skipping.
WARNING: model contains export suffix 'scaling_factor' that contains 392 keys
that are not Var, Constraint, Objective, or the model.  Skipping.
  [cont8 sf=0.00405] -> optimal
WARNING: model contains export suffix 'scaling_factor' that contains 42
component keys that are not exported as part of the NL file.  Skipping.
WARNING: model contains export suffix 'scaling_factor' that contains 392 keys
that are not Var, Constraint, Objective, or the model.  Skipping.
  [cont8 sf=0.00567] -> optimal
WARNING: model contains export suffix 'scaling_factor' that contains 42
component keys that are not exported as part of the NL file.  Skipping.
WARNING: model contains export suffix 'scaling_factor' that contains 392 keys
that are not Var, Constraint, Objective, or the model.  Skipping.
  [cont8 sf=0.00794] -> optimal
WARNING: model contains export suffix 'scaling_factor' that contains 42
component keys that are not exported as part of the NL file.  Skipping.
WARNING: model contains export suffix 'scaling_factor' that contains 392 keys
that are not Var, Constraint, Objective, or the model.  Skipping.
  [cont8 sf=0.0111] -> optimal
WARNING: model contains export suffix 'scaling_factor' that contains 42
component keys that are not exported as part of the NL file.  Skipping.
WARNING: model contains export suffix 'scaling_factor' that contains 392 keys
that are not Var, Constraint, Objective, or the model.  Skipping.
  [cont8 sf=0.0156] -> optimal
WARNING: model contains export suffix 'scaling_factor' that contains 42
component keys that are not exported as part of the NL file.  Skipping.
WARNING: model contains export suffix 'scaling_factor' that contains 392 keys
that are not Var, Constraint, Objective, or the model.  Skipping.
  [cont8 sf=0.0218] -> optimal
WARNING: model contains export suffix 'scaling_factor' that contains 42
component keys that are not exported as part of the NL file.  Skipping.
WARNING: model contains export suffix 'scaling_factor' that contains 392 keys
that are not Var, Constraint, Objective, or the model.  Skipping.
  [cont8 sf=0.0305] -> optimal
WARNING: model contains export suffix 'scaling_factor' that contains 42
component keys that are not exported as part of the NL file.  Skipping.
WARNING: model contains export suffix 'scaling_factor' that contains 392 keys
that are not Var, Constraint, Objective, or the model.  Skipping.
  [cont8 sf=0.0427] -> optimal
WARNING: model contains export suffix 'scaling_factor' that contains 42
component keys that are not exported as part of the NL file.  Skipping.
WARNING: model contains export suffix 'scaling_factor' that contains 392 keys
that are not Var, Constraint, Objective, or the model.  Skipping.
  [cont8 sf=0.0598] -> optimal
WARNING: model contains export suffix 'scaling_factor' that contains 42
component keys that are not exported as part of the NL file.  Skipping.
WARNING: model contains export suffix 'scaling_factor' that contains 392 keys
that are not Var, Constraint, Objective, or the model.  Skipping.
  [cont8 sf=0.0837] -> optimal
WARNING: model contains export suffix 'scaling_factor' that contains 42
component keys that are not exported as part of the NL file.  Skipping.
WARNING: model contains export suffix 'scaling_factor' that contains 392 keys
that are not Var, Constraint, Objective, or the model.  Skipping.
  [cont8 sf=0.117] -> optimal
WARNING: model contains export suffix 'scaling_factor' that contains 42
component keys that are not exported as part of the NL file.  Skipping.
WARNING: model contains export suffix 'scaling_factor' that contains 392 keys
that are not Var, Constraint, Objective, or the model.  Skipping.
  [cont8 sf=0.164] -> optimal
WARNING: model contains export suffix 'scaling_factor' that contains 42
component keys that are not exported as part of the NL file.  Skipping.
WARNING: model contains export suffix 'scaling_factor' that contains 392 keys
that are not Var, Constraint, Objective, or the model.  Skipping.
  [cont8 sf=0.23] -> optimal
WARNING: model contains export suffix 'scaling_factor' that contains 42
component keys that are not exported as part of the NL file.  Skipping.
WARNING: model contains export suffix 'scaling_factor' that contains 392 keys
that are not Var, Constraint, Objective, or the model.  Skipping.
  [cont8 sf=0.321] -> optimal
WARNING: model contains export suffix 'scaling_factor' that contains 42
component keys that are not exported as part of the NL file.  Skipping.
WARNING: model contains export suffix 'scaling_factor' that contains 392 keys
that are not Var, Constraint, Objective, or the model.  Skipping.
  [cont8 sf=0.45] -> optimal
WARNING: model contains export suffix 'scaling_factor' that contains 42
component keys that are not exported as part of the NL file.  Skipping.
WARNING: model contains export suffix 'scaling_factor' that contains 392 keys
that are not Var, Constraint, Objective, or the model.  Skipping.
  [cont8 sf=0.63] -> optimal
WARNING: model contains export suffix 'scaling_factor' that contains 42
component keys that are not exported as part of the NL file.  Skipping.
WARNING: model contains export suffix 'scaling_factor' that contains 392 keys
that are not Var, Constraint, Objective, or the model.  Skipping.
  [cont8 sf=0.882] -> optimal
WARNING: model contains export suffix 'scaling_factor' that contains 42
component keys that are not exported as part of the NL file.  Skipping.
WARNING: model contains export suffix 'scaling_factor' that contains 392 keys
that are not Var, Constraint, Objective, or the model.  Skipping.
  [cont8 sf=1] -> optimal
WARNING: model contains export suffix 'scaling_factor' that contains 42
component keys that are not exported as part of the NL file.  Skipping.
WARNING: model contains export suffix 'scaling_factor' that contains 392 keys
that are not Var, Constraint, Objective, or the model.  Skipping.
  [cont8 scale_factor=final] -> optimal
WARNING: model contains export suffix 'scaling_factor' that contains 42
component keys that are not exported as part of the NL file.  Skipping.
WARNING: model contains export suffix 'scaling_factor' that contains 392 keys
that are not Var, Constraint, Objective, or the model.  Skipping.
  [cont 9/20] -> optimal
WARNING: model contains export suffix 'scaling_factor' that contains 42
component keys that are not exported as part of the NL file.  Skipping.
WARNING: model contains export suffix 'scaling_factor' that contains 392 keys
that are not Var, Constraint, Objective, or the model.  Skipping.
  [cont 10/20] -> optimal
WARNING: model contains export suffix 'scaling_factor' that contains 42
component keys that are not exported as part of the NL file.  Skipping.
WARNING: model contains export suffix 'scaling_factor' that contains 392 keys
that are not Var, Constraint, Objective, or the model.  Skipping.
  [cont 11/20] -> optimal
WARNING: model contains export suffix 'scaling_factor' that contains 42
component keys that are not exported as part of the NL file.  Skipping.
WARNING: model contains export suffix 'scaling_factor' that contains 392 keys
that are not Var, Constraint, Objective, or the model.  Skipping.
WARNING: Loading a SolverResults object with a warning status into
model.name="fs.BFB";
    - termination condition: infeasible
    - message from solver: Ipopt 3.13.2\x3a Converged to a locally infeasible
      point. Problem may be infeasible.
  [cont 12/20] -> infeasible
WARNING: model contains export suffix 'scaling_factor' that contains 42
component keys that are not exported as part of the NL file.  Skipping.
WARNING: model contains export suffix 'scaling_factor' that contains 392 keys
that are not Var, Constraint, Objective, or the model.  Skipping.
  [cont12 sf=1.0e-04] -> optimal
WARNING: model contains export suffix 'scaling_factor' that contains 42
component keys that are not exported as part of the NL file.  Skipping.
WARNING: model contains export suffix 'scaling_factor' that contains 392 keys
that are not Var, Constraint, Objective, or the model.  Skipping.
  [cont12 sf=0.00014] -> optimal
WARNING: model contains export suffix 'scaling_factor' that contains 42
component keys that are not exported as part of the NL file.  Skipping.
WARNING: model contains export suffix 'scaling_factor' that contains 392 keys
that are not Var, Constraint, Objective, or the model.  Skipping.
  [cont12 sf=0.000196] -> optimal
WARNING: model contains export suffix 'scaling_factor' that contains 42
component keys that are not exported as part of the NL file.  Skipping.
WARNING: model contains export suffix 'scaling_factor' that contains 392 keys
that are not Var, Constraint, Objective, or the model.  Skipping.
  [cont12 sf=0.000274] -> optimal
WARNING: model contains export suffix 'scaling_factor' that contains 42
component keys that are not exported as part of the NL file.  Skipping.
WARNING: model contains export suffix 'scaling_factor' that contains 392 keys
that are not Var, Constraint, Objective, or the model.  Skipping.
  [cont12 sf=0.000384] -> optimal
WARNING: model contains export suffix 'scaling_factor' that contains 42
component keys that are not exported as part of the NL file.  Skipping.
WARNING: model contains export suffix 'scaling_factor' that contains 392 keys
that are not Var, Constraint, Objective, or the model.  Skipping.
  [cont12 sf=0.000538] -> optimal
WARNING: model contains export suffix 'scaling_factor' that contains 42
component keys that are not exported as part of the NL file.  Skipping.
WARNING: model contains export suffix 'scaling_factor' that contains 392 keys
that are not Var, Constraint, Objective, or the model.  Skipping.
  [cont12 sf=0.000753] -> optimal
WARNING: model contains export suffix 'scaling_factor' that contains 42
component keys that are not exported as part of the NL file.  Skipping.
WARNING: model contains export suffix 'scaling_factor' that contains 392 keys
that are not Var, Constraint, Objective, or the model.  Skipping.
  [cont12 sf=0.00105] -> optimal
WARNING: model contains export suffix 'scaling_factor' that contains 42
component keys that are not exported as part of the NL file.  Skipping.
WARNING: model contains export suffix 'scaling_factor' that contains 392 keys
that are not Var, Constraint, Objective, or the model.  Skipping.
  [cont12 sf=0.00148] -> optimal
WARNING: model contains export suffix 'scaling_factor' that contains 42
component keys that are not exported as part of the NL file.  Skipping.
WARNING: model contains export suffix 'scaling_factor' that contains 392 keys
that are not Var, Constraint, Objective, or the model.  Skipping.
  [cont12 sf=0.00207] -> optimal
WARNING: model contains export suffix 'scaling_factor' that contains 42
component keys that are not exported as part of the NL file.  Skipping.
WARNING: model contains export suffix 'scaling_factor' that contains 392 keys
that are not Var, Constraint, Objective, or the model.  Skipping.
  [cont12 sf=0.00289] -> optimal
WARNING: model contains export suffix 'scaling_factor' that contains 42
component keys that are not exported as part of the NL file.  Skipping.
WARNING: model contains export suffix 'scaling_factor' that contains 392 keys
that are not Var, Constraint, Objective, or the model.  Skipping.
  [cont12 sf=0.00405] -> optimal
WARNING: model contains export suffix 'scaling_factor' that contains 42
component keys that are not exported as part of the NL file.  Skipping.
WARNING: model contains export suffix 'scaling_factor' that contains 392 keys
that are not Var, Constraint, Objective, or the model.  Skipping.
  [cont12 sf=0.00567] -> optimal
WARNING: model contains export suffix 'scaling_factor' that contains 42
component keys that are not exported as part of the NL file.  Skipping.
WARNING: model contains export suffix 'scaling_factor' that contains 392 keys
that are not Var, Constraint, Objective, or the model.  Skipping.
  [cont12 sf=0.00794] -> optimal
WARNING: model contains export suffix 'scaling_factor' that contains 42
component keys that are not exported as part of the NL file.  Skipping.
WARNING: model contains export suffix 'scaling_factor' that contains 392 keys
that are not Var, Constraint, Objective, or the model.  Skipping.
  [cont12 sf=0.0111] -> optimal
WARNING: model contains export suffix 'scaling_factor' that contains 42
component keys that are not exported as part of the NL file.  Skipping.
WARNING: model contains export suffix 'scaling_factor' that contains 392 keys
that are not Var, Constraint, Objective, or the model.  Skipping.
  [cont12 sf=0.0156] -> optimal
WARNING: model contains export suffix 'scaling_factor' that contains 42
component keys that are not exported as part of the NL file.  Skipping.
WARNING: model contains export suffix 'scaling_factor' that contains 392 keys
that are not Var, Constraint, Objective, or the model.  Skipping.
  [cont12 sf=0.0218] -> optimal
WARNING: model contains export suffix 'scaling_factor' that contains 42
component keys that are not exported as part of the NL file.  Skipping.
WARNING: model contains export suffix 'scaling_factor' that contains 392 keys
that are not Var, Constraint, Objective, or the model.  Skipping.
  [cont12 sf=0.0305] -> optimal
WARNING: model contains export suffix 'scaling_factor' that contains 42
component keys that are not exported as part of the NL file.  Skipping.
WARNING: model contains export suffix 'scaling_factor' that contains 392 keys
that are not Var, Constraint, Objective, or the model.  Skipping.
  [cont12 sf=0.0427] -> optimal
WARNING: model contains export suffix 'scaling_factor' that contains 42
component keys that are not exported as part of the NL file.  Skipping.
WARNING: model contains export suffix 'scaling_factor' that contains 392 keys
that are not Var, Constraint, Objective, or the model.  Skipping.
  [cont12 sf=0.0598] -> optimal
WARNING: model contains export suffix 'scaling_factor' that contains 42
component keys that are not exported as part of the NL file.  Skipping.
WARNING: model contains export suffix 'scaling_factor' that contains 392 keys
that are not Var, Constraint, Objective, or the model.  Skipping.
  [cont12 sf=0.0837] -> optimal
WARNING: model contains export suffix 'scaling_factor' that contains 42
component keys that are not exported as part of the NL file.  Skipping.
WARNING: model contains export suffix 'scaling_factor' that contains 392 keys
that are not Var, Constraint, Objective, or the model.  Skipping.
  [cont12 sf=0.117] -> optimal
WARNING: model contains export suffix 'scaling_factor' that contains 42
component keys that are not exported as part of the NL file.  Skipping.
WARNING: model contains export suffix 'scaling_factor' that contains 392 keys
that are not Var, Constraint, Objective, or the model.  Skipping.
  [cont12 sf=0.164] -> optimal
WARNING: model contains export suffix 'scaling_factor' that contains 42
component keys that are not exported as part of the NL file.  Skipping.
WARNING: model contains export suffix 'scaling_factor' that contains 392 keys
that are not Var, Constraint, Objective, or the model.  Skipping.
  [cont12 sf=0.23] -> optimal
WARNING: model contains export suffix 'scaling_factor' that contains 42
component keys that are not exported as part of the NL file.  Skipping.
WARNING: model contains export suffix 'scaling_factor' that contains 392 keys
that are not Var, Constraint, Objective, or the model.  Skipping.
  [cont12 sf=0.321] -> optimal
WARNING: model contains export suffix 'scaling_factor' that contains 42
component keys that are not exported as part of the NL file.  Skipping.
WARNING: model contains export suffix 'scaling_factor' that contains 392 keys
that are not Var, Constraint, Objective, or the model.  Skipping.
  [cont12 sf=0.45] -> optimal
WARNING: model contains export suffix 'scaling_factor' that contains 42
component keys that are not exported as part of the NL file.  Skipping.
WARNING: model contains export suffix 'scaling_factor' that contains 392 keys
that are not Var, Constraint, Objective, or the model.  Skipping.
  [cont12 sf=0.63] -> optimal
WARNING: model contains export suffix 'scaling_factor' that contains 42
component keys that are not exported as part of the NL file.  Skipping.
WARNING: model contains export suffix 'scaling_factor' that contains 392 keys
that are not Var, Constraint, Objective, or the model.  Skipping.
  [cont12 sf=0.882] -> optimal
WARNING: model contains export suffix 'scaling_factor' that contains 42
component keys that are not exported as part of the NL file.  Skipping.
WARNING: model contains export suffix 'scaling_factor' that contains 392 keys
that are not Var, Constraint, Objective, or the model.  Skipping.
  [cont12 sf=1] -> optimal
WARNING: model contains export suffix 'scaling_factor' that contains 42
component keys that are not exported as part of the NL file.  Skipping.
WARNING: model contains export suffix 'scaling_factor' that contains 392 keys
that are not Var, Constraint, Objective, or the model.  Skipping.
  [cont12 scale_factor=final] -> optimal
WARNING: model contains export suffix 'scaling_factor' that contains 42
component keys that are not exported as part of the NL file.  Skipping.
WARNING: model contains export suffix 'scaling_factor' that contains 392 keys
that are not Var, Constraint, Objective, or the model.  Skipping.
  [cont 13/20] -> optimal
WARNING: model contains export suffix 'scaling_factor' that contains 42
component keys that are not exported as part of the NL file.  Skipping.
WARNING: model contains export suffix 'scaling_factor' that contains 392 keys
that are not Var, Constraint, Objective, or the model.  Skipping.
  [cont 14/20] -> optimal
WARNING: model contains export suffix 'scaling_factor' that contains 42
component keys that are not exported as part of the NL file.  Skipping.
WARNING: model contains export suffix 'scaling_factor' that contains 392 keys
that are not Var, Constraint, Objective, or the model.  Skipping.
  [cont 15/20] -> optimal
WARNING: model contains export suffix 'scaling_factor' that contains 42
component keys that are not exported as part of the NL file.  Skipping.
WARNING: model contains export suffix 'scaling_factor' that contains 392 keys
that are not Var, Constraint, Objective, or the model.  Skipping.
  [cont 16/20] -> optimal
WARNING: model contains export suffix 'scaling_factor' that contains 42
component keys that are not exported as part of the NL file.  Skipping.
WARNING: model contains export suffix 'scaling_factor' that contains 392 keys
that are not Var, Constraint, Objective, or the model.  Skipping.
  [cont 17/20] -> optimal
WARNING: model contains export suffix 'scaling_factor' that contains 42
component keys that are not exported as part of the NL file.  Skipping.
WARNING: model contains export suffix 'scaling_factor' that contains 392 keys
that are not Var, Constraint, Objective, or the model.  Skipping.
  [cont 18/20] -> optimal
WARNING: model contains export suffix 'scaling_factor' that contains 42
component keys that are not exported as part of the NL file.  Skipping.
WARNING: model contains export suffix 'scaling_factor' that contains 392 keys
that are not Var, Constraint, Objective, or the model.  Skipping.
  [cont 19/20] -> optimal
WARNING: model contains export suffix 'scaling_factor' that contains 42
component keys that are not exported as part of the NL file.  Skipping.
WARNING: model contains export suffix 'scaling_factor' that contains 392 keys
that are not Var, Constraint, Objective, or the model.  Skipping.
  [cont 20/20] -> optimal
WARNING: model contains export suffix 'scaling_factor' that contains 42
component keys that are not exported as part of the NL file.  Skipping.
WARNING: model contains export suffix 'scaling_factor' that contains 392 keys
that are not Var, Constraint, Objective, or the model.  Skipping.
  [final] -> optimal
POINT {"reactor": "dry", "knob": "H", "value": 0.9, "abs_flow": null, "path": "cold", "Ts_in": 1073.0, "Tg_in": 600.0, "term": "optimal", "err_mass": 0.0005306867693521857, "gas_feasible": true, "banner_ok": true, "X_solid": 20.971087971373663, "X_gas": 13.970353723642631, "n_bad": 0, "T_gas_out": 1081.6976988150195, "T_solid_out": 1091.1139069785158, "D": 0.054, "H": 0.9000000000000004, "X_prod": 20.97077322117882, "solid_mass_in": 0.0006901775147928993, "solid_mass_out": 0.0007523939436607743, "w_out_Fe2O3": 0.2750425636024795, "w_out_Fe3O4": 9.173087058981159e-06, "w_out_FeO": 9.173087058981157e-06, "w_out_Fe": 0.7249390902234027, "valid": true}
WARNING: model contains export suffix 'scaling_factor' that contains 42
component keys that are not exported as part of the NL file.  Skipping.
WARNING: model contains export suffix 'scaling_factor' that contains 392 keys
that are not Var, Constraint, Objective, or the model.  Skipping.
  [sens H=1] -> optimal
POINT {"reactor": "dry", "knob": "H", "value": 1.0, "abs_flow": null, "path": "walk", "Ts_in": 1073.0, "Tg_in": 600.0, "term": "optimal", "err_mass": 0.0005306867695856098, "gas_feasible": true, "banner_ok": true, "X_solid": 22.073529529484958, "X_gas": 14.704769531876453, "n_bad": 0, "T_gas_out": 1102.0648827510165, "T_solid_out": 1111.4393803081982, "D": 0.054, "H": 1.0, "X_prod": 22.073198232940268, "solid_mass_in": 0.0006901775147928993, "solid_mass_out": 0.0007556639103526001, "w_out_Fe2O3": 0.288248686431835, "w_out_Fe3O4": 9.133392574885789e-06, "w_out_FeO": 9.13339257488579e-06, "w_out_Fe": 0.7117330467830151, "valid": true}
WARNING: model contains export suffix 'scaling_factor' that contains 42
component keys that are not exported as part of the NL file.  Skipping.
WARNING: model contains export suffix 'scaling_factor' that contains 392 keys
that are not Var, Constraint, Objective, or the model.  Skipping.
  [sens H=0.98] -> optimal
POINT {"reactor": "dry", "knob": "H", "value": 0.98, "abs_flow": null, "path": "walk", "Ts_in": 1073.0, "Tg_in": 600.0, "term": "optimal", "err_mass": 0.0005306867692021273, "gas_feasible": true, "banner_ok": true, "X_solid": 21.862604188320304, "X_gas": 14.564256954514768, "n_bad": 0, "T_gas_out": 1098.175079887371, "T_solid_out": 1107.555833080961, "D": 0.054, "H": 0.98, "X_prod": 21.86227605756528, "solid_mass_in": 0.0006901775147928993, "solid_mass_out": 0.0007550382818697856, "w_out_Fe2O3": 0.2857308655241868, "w_out_Fe3O4": 9.140960549080651e-06, "w_out_FeO": 9.140960549080655e-06, "w_out_Fe": 0.7142508525547154, "valid": true}
WARNING: model contains export suffix 'scaling_factor' that contains 42
component keys that are not exported as part of the NL file.  Skipping.
WARNING: model contains export suffix 'scaling_factor' that contains 392 keys
that are not Var, Constraint, Objective, or the model.  Skipping.
  [sens H=0.96] -> optimal
POINT {"reactor": "dry", "knob": "H", "value": 0.96, "abs_flow": null, "path": "walk", "Ts_in": 1073.0, "Tg_in": 600.0, "term": "optimal", "err_mass": 0.0005306867693688588, "gas_feasible": true, "banner_ok": true, "X_solid": 21.650840931123472, "X_gas": 14.423186180661821, "n_bad": 0, "T_gas_out": 1094.2665372355352, "T_solid_out": 1103.6543516095398, "D": 0.054, "H": 0.96, "X_prod": 21.650515978674736, "solid_mass_in": 0.0006901775147928993, "solid_mass_out": 0.0007544101680322383, "w_out_Fe2O3": 0.28319884144258395, "w_out_Fe3O4": 9.148571215477101e-06, "w_out_FeO": 9.148571215477101e-06, "w_out_Fe": 0.7167828614149852, "valid": true}
WARNING: model contains export suffix 'scaling_factor' that contains 42
component keys that are not exported as part of the NL file.  Skipping.
WARNING: model contains export suffix 'scaling_factor' that contains 392 keys
that are not Var, Constraint, Objective, or the model.  Skipping.
  [sens H=0.94] -> optimal
POINT {"reactor": "dry", "knob": "H", "value": 0.94, "abs_flow": null, "path": "walk", "Ts_in": 1073.0, "Tg_in": 600.0, "term": "optimal", "err_mass": 0.0005306867693355126, "gas_feasible": true, "banner_ok": true, "X_solid": 21.438216874158076, "X_gas": 14.281541966015624, "n_bad": 0, "T_gas_out": 1090.3387748307925, "T_solid_out": 1099.7344672714694, "D": 0.054, "H": 0.94, "X_prod": 21.43789511293422, "solid_mass_in": 0.0006901775147928993, "solid_mass_out": 0.000753779500964938, "w_out_Fe2O3": 0.28065227933222836, "w_out_Fe3O4": 9.156225579230037e-06, "w_out_FeO": 9.156225579230037e-06, "w_out_Fe": 0.7193294082166134, "valid": true}
WARNING: model contains export suffix 'scaling_factor' that contains 42
component keys that are not exported as part of the NL file.  Skipping.
WARNING: model contains export suffix 'scaling_factor' that contains 392 keys
that are not Var, Constraint, Objective, or the model.  Skipping.
  [sens H=0.92] -> optimal
POINT {"reactor": "dry", "knob": "H", "value": 0.92, "abs_flow": null, "path": "walk", "Ts_in": 1073.0, "Tg_in": 600.0, "term": "optimal", "err_mass": 0.0005306867694022052, "gas_feasible": true, "banner_ok": true, "X_solid": 21.224750553099863, "X_gas": 14.139336658529917, "n_bad": 0, "T_gas_out": 1086.3920809051056, "T_solid_out": 1095.7964559219604, "D": 0.054, "H": 0.92, "X_prod": 21.224431995742417, "solid_mass_in": 0.0006901775147928993, "solid_mass_out": 0.0007531463356468175, "w_out_Fe2O3": 0.2780913393306563, "w_out_Fe3O4": 9.163923159617242e-06, "w_out_FeO": 9.163923159617243e-06, "w_out_Fe": 0.7218903328230246, "valid": true}
WARNING: model contains export suffix 'scaling_factor' that contains 42
component keys that are not exported as part of the NL file.  Skipping.
WARNING: model contains export suffix 'scaling_factor' that contains 392 keys
that are not Var, Constraint, Objective, or the model.  Skipping.
  [sens H=0.9 ANCHOR] -> optimal
POINT {"reactor": "dry", "knob": "H", "value": 0.9, "abs_flow": null, "path": "anchor", "Ts_in": 1073.0, "Tg_in": 600.0, "term": "optimal", "err_mass": 0.0005306867695189173, "gas_feasible": true, "banner_ok": true, "X_solid": 21.01039930508806, "X_gas": 13.996541837396649, "n_bad": 0, "T_gas_out": 1082.4256165217719, "T_solid_out": 1091.8394406078476, "D": 0.054, "H": 0.9, "X_prod": 21.010083964878646, "solid_mass_in": 0.0006901775147928993, "solid_mass_out": 0.0007525105455349898, "w_out_Fe2O3": 0.2755154465195149, "w_out_Fe3O4": 9.171665684626192e-06, "w_out_FeO": 9.171665684626194e-06, "w_out_Fe": 0.7244662101491162, "anchor_drift_dX": 0.03931133371439799, "anchor_drift_dT": 0.7255336293317214, "valid": true}
